INFO     skeleton 'fly38' from                                                  
         /home/tlam/deeperfly/src/deeperfly/data/skeletons/fly38.toml           
INFO     using config                                                           
         examples/scape_260417_IN07B001_Fly4_005/config_r28pad48.toml (from -c) 
INFO     skeleton 'fly38' from                                                  
         /home/tlam/deeperfly/src/deeperfly/data/skeletons/fly38.toml           
INFO     using config                                                           
         examples/scape_260417_IN07B001_Fly4_005/config_r28pad48.toml (from -c) 
INFO     skeleton 'fly38' from                                                  
         /home/tlam/deeperfly/src/deeperfly/data/skeletons/fly38.toml           
INFO     output directory:                                                      
         examples/scape_260417_IN07B001_Fly4_005/deeperfly_outputs_r28pad48     
INFO     stages: pose2d=on, bundle_adjustment=on, pictorial_structures=off,     
         triangulation=on, eks=on, postprocess=on, inverse_kinematics=off,      
         visualization=on                                                       
INFO     running pose2d                                                         
INFO     raw source image sizes (h, w): {'vid_rh': (512, 960), 'vid_rm': (512,  
         960), 'vid_rf': (512, 960), 'vid_f': (1008, 1600), 'vid_lf': (512,     
         960), 'vid_lm': (512, 960), 'vid_lh': (512, 960), 'vid_h': (1008,      
         1600)}                                                                 
INFO     loading 1 model(s): dense38mv                                          
INFO     multiview transformer: vits_dino, 38 channels, input 352x608 (margin 48
         px -> reported frame 256x512, padded field True), scopes llllllllglgl  
         (10 view-local, 2 global), 0 per-view parameters -- view order and     
         camera names are not read                                              
INFO     detector ready on device cuda:0 (precision: {'dense38mv': 'float32'})  
INFO     detecting 2D poses: 8 sources, 8 pathways, 8 views, forward batch 16   
         frames                                                                 
INFO     streaming frames: forward batch 16, decode buffer 4 batches (64        
         frames/source), 4 decode thread(s)/source, grayscale decode requested  
INFO     wrote                                                                  
         examples/scape_260417_IN07B001_Fly4_005/deeperfly_outputs_r28pad48/resu
         lts.h5  (3008 frames, 8 views)                                         
INFO     running bundle_adjustment                                              
INFO     bundle adjustment: refining cameras (3008 frames, 8 views)             
INFO     bundle adjustment: reprojection error median 4.033 px  max 850.528 px  
INFO     running triangulation                                                  
INFO     triangulation: method=ransac (3008 frames, 8 views)                    
INFO     running eks                                                            
INFO     eks: smoothing 3008 frames x 8 views with 1 ensemble member(s)         
INFO     eks: single ensemble member -- the observation noise is 1/confidence, a
         prior rather than a measured spread; the geometric smoother and the    
         variance inflation are unaffected (they need views, not models)        
INFO     eks: variance inflation down-weighted 411922 of 914432 testable        
         observations (45.05%)                                                  
INFO     eks: fitting the smoothing parameter for 38 keypoint(s) on 2000        
         frame(s)                                                               
INFO     eks: smoothing 3008 frames x 38 keypoints                              
INFO     eks: 2D correction median 3.23 px  p90 12.73  max 637.32               
INFO     running postprocess                                                    
INFO     postprocess: static: froze 7 point(s) to their temporal median; they   
         had been moving 1.31 px median / 3.15 p90 in 2D (0.0084 / 0.0173 in    
         3D), worst rh_thorax_coxa (1.85 px)                                    
INFO     postprocess: symmetrize: 3 pair(s) + 1 midline point(s) about a single 
         sagittal plane (strength 1); moved 0.0050 median / 0.0087 p90, worst   
         pair lf_thorax_coxa|rf_thorax_coxa (0.0175 apart)                      
INFO     running visualization                                                  
INFO     detected input fps 100 from the recording                              
INFO     rendering pose3d_post ->                                               
         examples/scape_260417_IN07B001_Fly4_005/deeperfly_outputs_r28pad48/pose
         3d_post.mp4 @ 100 fps                                                  
INFO     writing pose3d_post.mp4 via pyav: 1440x720 @ 100 fps                   
INFO     wrote                                                                  
         examples/scape_260417_IN07B001_Fly4_005/deeperfly_outputs_r28pad48/pose
         3d_post.mp4                                                            
